Существительные
Люди

    にんげん、人間 – человек (официальное название) (ningen)
    ひと、人 – человек (личность) (hito)
    おとこ、男 – мужчина (otoko)
    おんな、女 – женщина (onna)
    かぞく、家族 – семья (kazoku)

Тело

    あし、足、脚 – нога (ashi)
        かかと、踵 – пятка (kakato)
        すね、脛 – голень (sune)
        ひざ、膝 – колено (hiza)
        もも、腿 – бедро (momo)
    あたま、頭 – голова (atama)
        かお、顔 – лицо (kao)
            くち、口 – рот (kuchi, sometimes guchi if more euphonious)
            くちびる、唇 – губы (kuchibiru)
            は、歯 – зуб (ha)
            はな、鼻 – нос (hana)
            ひげ、髭、鬚　髯 – усы, борода (hige)
        かみ、髪 – волосы (kami)
        みみ、耳 – ухо (mimi)
    い、胃 – живот (i)
    うで、腕 – рука (ude)
        ひじ、肘 – локоть (hiji)
        かた、肩 – плечо (kata)
        つめ、爪 – ноготь (tsume)
        て、手 – кисть руки (te)
        てくび、手首 – запястье (tekubi)
        てのひら、掌、手の平 – ладонь (te-no-hira)
        ゆび、指 – палец (yubi)
    しり、尻 – ягодицы (shiri)
    おなか、お腹 （はら、腹） – живот (o-naka)
    かんぞう、肝臓 – печень (kanzō)
    きも、肝 – печень (kimo)
    きんにく、筋肉 – мускул (kin’niku)
    くび、首 – шея, горло (kubi)
    こころ、心 – сердце (kokoro)
    こし、腰 – талия(koshi)
    しんぞう、心臓 – сердце (shinzō)
    せなか、背中 – спина (senaka)
    ち、血 – кровь (chi)
    にく、肉 – мясо (niku)
    はだ、肌、膚 – кожа (hada)
    ひふ、皮膚 – кожа (hifu)
    ほね、骨 – кость (hone)
    むね、胸 – грудь (mune)
    かぜ、風邪 – простуда (kaze)
    げり、下痢 – диарея(geri)
    びょうき、病気 – болезнь (byōki)

Семья

    おや、親 – родители(oya)
    こども、子供 – ребенок (kodomo)
    ちち、父 – отец (chichi)
    はは、母 – мать (haha)
    つま、妻 – жена (tsuma)
    おっと、夫 – муж (otto)
    あに、兄 – старший брат (ani) (onī-san)
    あね、姉 – старшая сестра (ane) (onē-san)
    おとうと、弟 – младший брат (otōto)
    いもうと、妹 – младшая сестра (imōto)
    きょうだい、兄弟 – братья (kyōdai)
    しまい、姉妹 – сестры (shimai)
    そふ、祖父 – дедушка (sofu)
    そぼ、祖母 – бабушка (sobo)
    まご、孫 – внук, внучка (mago)
    おじ、伯父、叔父 – дядя (oji)
    おば、伯母、叔母 – тетя (oba)
    いとこ、従兄弟、従姉妹、従兄、従弟、従姉、従妹 – кузен (itoko)
    めい、姪 – племянница (mei)
    おい、甥 – племянник (oi)

Жизнь

    いきもの、生物 – живые существа (ikimono)
    ばけもの、化け物 – монстр (bakemono)

Животные

    どうぶつ、動物 – животное (dōbutsu)
    いぬ、犬 – собака (inu)
    ねこ、猫 – кошка (neko)
    うし、牛 – корова (ushi)
    ぶた、豚 – свинья(buta)
    うま、馬 – лошадь (uma)
    ひつじ、羊 – овца (hitsuji)
    さる、猿 – обезьяна (saru)
    ねずみ、鼠 – мышь, крыса (nezumi)
    とら、虎 – тигр (tora)
    オオカミ、狼 – волк (ōkami)
    うさぎ、兎 – кролик (usagi)
    りゅう、たつ、竜 – дракон (ryū, tatsu)
    しか、鹿 – олень (shika)
    かえる、蛙 – лягушка (kaeru)
    がま、蟇 – жаба (gama)
    ライオン – лев (raion)
    キリン – жираф (kirin)
    ぞう、象 – слон(zō)
    とり、鳥 – птица (tori)
    にわとり、鶏 – курица (niwatori)
    すずめ、雀 – воробей (suzume)
    からす、烏 – ворон, сорока (karasu)
    わし、鷲 – орел (washi)
    たか、鷹 – ястреб, сокол(taka)
    さかな、魚 – рыба (sakana)
    たい、鯛 – морской окунь (tai)
    えび、海老 – креветка, омар (ebi)
    いわし、鰯 – сардина (iwashi)
    まぐろ、鮪 – тунец (maguro)
    かつお、鰹 – скумбрия (katsuo)
    さんま、秋刀魚 – щука (sanma)
    あじ、鰺 – ставрида (aji)
    さば、鯖 – скумбрия (saba)
    イカ – кальмар (ika)
    タコ、蛸、章魚 – осьминог (tako)
    むし、虫 – насекомое (mushi)
    ちょう、蝶 – бабочка (chō)
    ガ、蛾 – моль (ga)
    トンボ、蜻蛉 – стрекоза (tonbo)
    バッタ、飛蝗 – кузнечик (batta)
    クモ、蜘蛛 – паук (kumo)
    ホタル、蛍 – светлячок (hotaru)
    ハエ、蠅 – комнатная муха (hae)
    カ、蚊 – комар, москит (ka)
    ゴキブリ – таракан (gokiburi)
    カタツムリ、蝸牛 – улитка (katatsumuri)
    ナメクジ、蛞蝓 – слизень, личинка (namekuji)
    ミミズ、蚯蚓 – дождевой червь (mimizu)
    かい、貝 – моллюск (kai)
    かいがら、貝殻 – раковина (kaigara)
    トカゲ、蜥蜴 – ящерица (tokage)
    へび、蛇 – змея (hebi)

Культуры (Растения)

    こめ、米 – сырой рис (kome)
    いね、稲 – рис, выращиваемый на полях (ine)
    むぎ、麦 – пшеница, ячмень, овёс (mugi)
    やさい、野菜 – овощ (yasai)
    くだもの、果物 – съедобные фрукты (kudamono)
    いも、芋 – батат, картофель, таро (imo)
    まめ、豆 – бобы (mame)
    だいこん、大根 – японская белая редька (daikon)
    にんじん、人参 – морковь (ninjin)
    リンゴ、林檎 – яблоко (ringo)
    ミカン、蜜柑 – апельсин (mikan)
    バナナ – банан (banana)
    ナシ、梨 – груша (nashi)
    クリ、栗 – каштан (kuri)
    モモ、桃 – персик (momo)
    トマト – томат (tomato)
    スイカ、西瓜 – арбуз (suika)

Время и пространство

    じかん、時間 – время (jikan)
    とき、じ、時 – ~часов (toki, ji)
    こよみ、カレンダー、暦 – календарь(koyomi, karendā)
    ふん、分 – минута (fun)
    びょう、秒 – секунда (byō)
    ひ、にち、日 – день (hi, nichi)
    つき、げつ、月 – месяц (tsuki, gatsu)
    とし、ねん、年 – год (toshi, nen)
    きのう、さくじつ、昨日 – вчера (kinō, sakujitsu)
    きょう、今日 – сегодня (kyō)
    あした、あす、みょうにち、明日 – завтра (ashita, asu, myōnichi)
    あさ、朝 – утро (asa)
    ひる、昼 – полдень (hiru)
    ゆうがた、夕方 – вечер (yūgata)
    ばん、晩 – вечер (ban)
    よる、夜 – вечер, ночь (yoru)
    ようび、曜日 – ~дней (yōbi)
    げつようび、月曜日 – понедельник (getsu-yōbi)
    かようび、火曜日 – вторник (ka-yōbi)
    すいようび、水曜日 – среда (sui-yōbi)
    もくようび、木曜日 – четверг (moku-yōbi)
    きんようび、金曜日 – пятница (kin-yōbi)
    どようび、土曜日 – суббота (do-yōbi)
    にちようび、日曜日 – воскресенье (nichi-yōbi)
    しゅう、週 – неделя (shū)
    いっしゅうかん、一週間 – одна неделя (isshūkan)
    たいよう、太陽 – солнце (taiyō)
    つき、月 – луна (tsuki)
    ほし、星 – звезда (hoshi)
    てんき、天気 – погода (tenki)
    はれ、晴れ – ясно (hare)
    あめ、雨 – дождливо (ame)
    くもり、曇り – облачно (kumori)
    ゆき、雪 – снег (yuki)
    かぜ、風 – ветер (kaze)
    かみなり、雷 – гром, молния (kaminari)
    たいふう、台風 – тайфун (taifū)
    あらし、嵐 – шторм, буря (arashi)
    そら、空 – небо (sora)

Направления и расположения

    ひがし、東 – восток (higashi)
    にし、西 – запад (nishi)
    みなみ、南 – юг (minami)
    きた、北 – север (kita)
    ここ、ここ – здесь (koko)
    そこ、そこ – там (soko)
    あそこ、あそこ – вон там (asoko)
    みぎ、右 – справа (migi)
    ひだり、左 – слева(hidari)
    うえ、上 – выше (ue)
    した、下 – ниже (shita)
    まえ、前 – перед (mae)
    うしろ、後 – позади (ushiro)
    むこう、向こう – с другой стороны, на противоположной стороне (mukō)
    ななめ、斜め – диагональ (naname)
    てまえ、手前 – близко (temae)
    おく、奥 – далеко (oku)

Материалы

    みず、水 – вода (mizu)
    ゆ、湯 – горячая вода (yu)
    こおり、氷 – лед (kōri)
    ゆげ、湯気 – пар (yuge)
    ひ、火 – огонь (hi)
    ガス – газ (gasu)
    くうき、空気 – воздух, атмосфера (kūki)
    つち、土 – земля, почва (tsuchi)
    きんぞく、金属 – сталь, металл (kinzoku)
    てつ、鉄 – железо [Fe] (tetsu)
    どう、銅 – медь [Cu] (dō)
    きん、金 – золото [Au]; деньги (kin)
    ぎん、銀 – серебро [Ag]; сокровища (gin)
    なまり、鉛 – свинец [Pb] (namari)
    しお、塩 – соль [NaCl] (shio)
    どろ、泥 – грязь, глина, гипс (doro)
    けむり、煙 – дым, табак, опиум (kemuri)

Система мер и весов

    メートル – метр(mētoru)
    リットル – литр (rittoru)
    グラム – грамм (guramu)
    キロ – кило- (kiro)
    ミリ – милли- (miri)
    センチメートル, .. – сантиметр(senchi)
    インチ – дюйм (inchi)

Общество

    しゃかい、社会 – общество (shakai)
    けいざい、経済 – экономика (keizai)
    かいしゃ、会社 – компания(kaisha)
    かいぎ、会議 – совещание (kaigi)
    がっこう、学校 – школа (gakkō)
    やくしょ、役所 – местные органы власти (yakusho)
    みせ、店 – магазин (mise)
    ホテル – отель (hoteru)
    こうじょう、工場 – завод (kōjō)
    かね、金 – деньги (kane, чаще o-kane)
    さつ、札 – счёт [денежный, например, счет в тысячу йен] (satsu)
    こぜに、小銭 – мелочь (kozeni)
    つりせん、釣り銭、おつり、お釣り – сдача (tsurisen), (o-tsuri)
    じどうはんばいき、自動販売機 – игровой автомат (jidōhanbaiki)
    きっぷ、切符 – билет (kippu)
    きって、切手 – почтовая марка (kitte)

Предметы, созданные человеком
Дом

    つくえ、机 – стол (tsukue)
    いす、椅子 – стул, кресло (isu)
    たたみ、畳 – татами (tatami)
    と、戸 – дверь (to)
    とびら、扉 – дверные панели (tobira)
    ドア – дверь (doa)
    まど、窓 – окно (mado)
    ふとん、布団 – футон (futon)
    げんかん、玄関 – вход (genkan)
    いえ、家 – дом, здание (ie)
    エレベーター – лифт (erebētā)
    エスカレーター – эскалатор (esukarētā)
    でんき、電気 – электричество (denki)

Инструменты

    くぎ、釘 – гвоздь (kugi)
    ひも、紐 – шнур (himo)
    なわ、縄 – веревка (nawa)
    ふくろ、袋 – сумка (fukuro)
    かばん、鞄 – кожаная сумка (kaban)
    かさ、傘 – зонт (kasa)
    かぎ、鍵 – дверной болт, ключ (kagi)
    ちょうこく、彫刻 – скульптура, гравюра (chōkoku)

Канцелярские товары

    ぶんぼうぐ、文房具 – канцелярские товары (bunbōgu)
    インク – чернила (inku)
    ペン – ручка (pen)
    ボールペン – шариковая ручка (bōrupen)
    まんねんひつ、万年筆 – авторучка (mannenhitsu)
    えんぴつ、鉛筆 – карандаш (enpitsu)
    ふで、筆 – кисти для письма или живописи (fude)
    チョーク – мел (chōku)
    けしゴム、消しゴム – ластик (keshigomu)
    えんぴつけずり、.. – точилка для карандашей (enpitsu-kezuri)
    じょうぎ、定規 – линейка (jōgi)
    ノート – блокнот, тетрадь (nōto)
    にっき、日記 – дневник (nikki)
    カバー – обложка книги (kabā)
    ふうとう、封筒 – конверт (fūtō)
    はさみ、鋏 – ножницы (hasami)
    ホッチキス – стэплер (hotchikisu)

Одежда

    ふく、服 – одежда (fuku)
    ようふく、洋服 – западная одежда (yōfuku)
    きもの、着物 – кимоно (kimono)
    わふく、和服 – японская одежда (wafuku)
    そで、袖 – рукав (sode)
    えり、襟 – воротник (eri)
    ボタン – кнопка (botan)
    チャック、ファスナー、ジッパー – молния, застежка молнии (chakku, fasunā, jippā)
    ベルト – ремень (beruto)
    くつ、靴 – ботинок (kutsu)
    めがね、眼鏡 – очки (megane)

Транспорт

    てつどう、鉄道 – железная дорога (tetsudō)
    えき、駅 – станция (eki)
    ひこうき、飛行機 – самолёт (hikōki)
    くうこう、空港 （ひこうじょう、飛行場） – аэропорт (kūkō, hikōjō)
    みち、道 – улица, тропа, дорога (michi)
    どうろ、道路 – дорога (dōro)
    バスてい、バス停 – остановка (basutei)
    とおり、通り – аллея, проспект (tōri)
    でんしゃ、電車 – поезд (densha)
    じどうしゃ、自動車 – машина (jidōsha)

Язык

    もじ、文字 – слово, буква (moji)
    じ、字 – буква, знак, иероглиф (ji)
    かんじ、漢字 – китайский иероглиф (kanji)
    ひらがな、平仮名 – символ хираганы (hiragana)
    カタカナ、片仮名 – символ катаканы (katakana)
    すうじ、数字 – цифры (sūji)
    アルファベット – алфавит (arufabetto)
    ローマ字 – латиница (rōmaji)
    ほん、本 – книга (hon)
    かみ、紙 – бумага (kami)
    てがみ、手紙 – письмо (tegami)
    しんぶん、新聞 – газета (shinbun)
    じしょ、辞書 – словарь (jisho)
    パソコン – персональный компьютер (pasokon)
    がいこくご、外国語 – иностранный язык (gaikokugo)
    にほんご、日本語 （こくご、国語） – японский язык (nihongo)
    えいご英語 – английский язык (eigo)
    ちゅうごくご、中国語 – китайский язык (chūgokugo)
    どいつご、ドイツ語 – немецкий язык (doitsugo)
    すぺいんご、スペイン語 – испанский язык (supeingo)
    ふらんすご、フランス語 – французский язык (furansugo)
    ちょうせんご、朝鮮語、かんこくご、韓国語 – корейский язык, южно-корейский язык (chōsengo, kankokugo)

Цвета

    いろ、色 – цвет (iro, shikisai)
    あか、赤 – красный (aka)
    きいろ、黄色 – желтый (kiiro)
    みどり、緑 – зеленый (midori)
    あお、青 – синий (ao)
    むらさき、紫 – фиолетовый (murasaki, murasakiiro)
    しろ、白 – белый (shiro)
    くろ、黒 – черный (kuro)
    ピンク – розовый (pinku, momoiro)
    ちゃいろ、茶色 – коричневый (chairo)
    はいいろ、灰色、ねずみいろ、鼠色 – серый (haiiro, nezumiiro)
    オレンジ – оранжевый (orenjiiro)

Другое

    え、絵 – картина, изображение (e)
    おんがく、音楽 – музыка (ongaku)
    りか、理科 – наука (rika)
    さんすう、算数 – арифметика (sansū)
    れきし、歴史 – история (rekishi)
    ちり、地理 – география (chiri)
    たいいく、体育 – физкультура (taiiku)
    スポーツ – спорт (supōtsu)
    システム – система (shisutemu)
    じょうほう、情報 – информация, новости (jyōhō)
    ひつよう、必要 – необходимость, нужда(hitsuyō)
    べんきょう、勉強 – изучение, исследование (benkyō)
    いらい、依頼 – запрос, заявка (irai)

Числа

    れい、零、ゼロ – ноль (rei, zero)
    いち、一 – один (ichi)
    に、二 – два (ni)
    さん、三 – три (san)
    よん、し、四 – четыре (yon, shi)
    ご、五 – пять (go)
    ろく、六 – шесть (roku)
    なな、しち、七 – семь (nana, shichi)
    はち、八 – восемь (hachi)
    きゅう、く、九 – девять (kyū, ku)
    じゅう、十 – десять (jū)
    ひゃく、百 – сотня (hyaku)
    せん、千 – тысяча (sen)
    まん、万 – десять тысяч (man)
    おく、億 – сто миллионов (oku)
    ひとつ – один, один предмет (hitotsu)
    ふたつ – два, два предмета (futatsu)
    みっつ – три, три предмета (mittsu)
    よっつ – четыре, четыре предмета (yottsu)
    いつつ – пять, пять предметов (itsutsu)
    むっつ – шесть, шесть предметов (muttsu)
    ななつ – семь, семь предметов (nanatsu)
    やっつ – восемь, восемь предметов (yattsu)
    ここのつ – девять, девять предметов (kokonotsu)
    とお – десять, десять предметов (tō)

Абстрактные существительные

    これ – это, этот (kore)
    それ – тот (sore)
    あれ – то (are)
    どれ – который, какой (dore)
    こちら、こっち – это направление, место; этот предмет, человек (kochira, kocchi)
    そちら、そっち – то направление, место; тот предмет, человек (sochira, socchi)
    あちら、あっち – то направление, место; тот предмет, человек (achira, acchi)
    どちら、どっち – какое направление, место; какой предмет, человек (dochira, docchi)
    ひみつ、秘密 – секрет (himitsu)
    じどう、自動 – автоматический (jidō)
    ないよう、内容 – содержание, суть (naiyō)
    はば、幅 – ширина (haba)
    せいしき、正式 – формальность (seishiki)
    けっこん、結婚 – брак, женитьба, замужество (kekkon)
    げんざい、現在 – теперь, сейчас, в настоящее время (genzai)
    いま、今 – сейчас; настоящее (ima)
    かこ、過去 – прошлое (kako)
    みらい、未来 – будущее (mirai)

Прилагательные
Внешний вид

    いい、よい、良い – хороший (ii, yoi)
    わるい、悪い – плохой (warui)
    たかい、高い – дорогой, высокий (takai)
    ひくい、低い – низкий (hikui)
    やすい、安い – дешевый (yasui)
    おおきい、大きい – большой (ōkii)
    ちいさい、小さい – маленький (chiisai)
    ほそい、細い – тонкий (hosoi)
    ふとい、太い – толстый (futoi)
    ふるい、古い – старый (furui)
    あたらしい、新しい – новый (atarashii)
    わかい、若い – молодой (wakai)
    かるい、軽い – легкий (karui)
    おもい、重い – тяжелый (omoi)
    やさしい、易しい – легкий, простой (yasashii)
    むずかしい、難しい – сложный (muzukashii)
    やわらかい、柔らかい – мягкий (yawarakai)
    かたい、硬い、堅い – жесткий (katai)
    あつい、熱い、暑い – горячий (atsui)
    つめたい、冷たい – холодный, прохладный (tsumetai)
    さむい、寒い – холодный (о погоде) (samui)
    おいしい、美味しい – вкусный (oishii)
    うまい、美味い、旨い – умелый, ловкий, искусный; успешный, удачный (umai)
    まずい、不味い – ужасный (о вкусе) (mazui)
    あまい、甘い – сладкий (amai)
    からい、辛い – острый (karai)
    しょっぱい、塩っぱい – соленый (shoppai)
    にがい、苦い – горький (nigai)

Чувства

    うれしい、嬉しい – счастливый (ureshii)
    かなしい、悲しい – грустный (kanashii)
    さびしい、淋しい – одинокий (sabishii)
    こわい、怖い、恐い – страшный (kowai)
    いたい、痛い – больной (itai)
    かゆい、痒い – зудящий (kayui)
    くさい、臭い – вонючий (kusai)
    つらい、辛い – горький (tsurai)
